// Jest Snapshot v1, https://goo.gl/fbAQLP

exports[`<Companies /> renders list of company links 1`] = `
<Fragment>
  <div>
    Your companies
  </div>
  <CompanyLink
    data-test-company-link-1={true}
    id={1}
    key="1"
    name="Dummy company"
    onClick={[Function]}
  />
  <CompanyLink
    data-test-company-link-2={true}
    id={2}
    key="2"
    name="Smarty company"
    onClick={[Function]}
  />
</Fragment>
`;
